HI-TECH Software 8051-C Compiler V9.60

Linker command line:

--edf=C:\PROGRA~2\HI-TEC~1\HC51\9.60\dat\en_msgs.txt \
  -h+G:\Çולצמג\practica7\practic7\pr7\pr7\pr7.sym -z -Q8052AH -ol.obj \
  -MG:\Çולצמג\practica7\practic7\pr7\pr7\pr7.map -E1 -ver=8051-C#V9.60 \
  -ACODE=00h-01FFFh -pvectors=00h \
  -prbit=0/20h,rbss,rdata/CODE,irdata/CODE,idata/rbss -pbss=XDATA/idata \
  -pdata=CODE+100h -pconst=CODE+100h -pstrings=CODE+100h -pnvram=bss,heap \
  C:\Users\vanty\AppData\Local\Temp\s13q4.obj \
  G:\Çולצמג\practica7\practic7\pr7\pr7\main_0.obj \
  C:\PROGRA~2\HI-TEC~1\HC51\9.60\lib\51--nsc.lib 

Object code version is 3.8

Machine type is 8052AH

Call graph:

*start1 size 0,0 offset 0
*    _main size 0,4 offset 0
*        _imp size 0,2 offset 4

		Name          Link     Load   Length Selector Space Scale
C:\Users\vanty\AppData\Local\Temp\s13q4.obj
		vectors          0        0        3       0     0
		text            7B       7B       14       0     0
G:\Çולצמג\practica7\practic7\pr7\pr7\main_0.obj
		rbss            20       20        2      20     1
		text             3        3       78       0     0

C:\PROGRA~2\HI-TEC~1\HC51\9.60\lib\51--nsc.lib
powerup.obj     text            8F       8F        3       0     0

COMMON          rbss            22       22        6      20     1

TOTAL		Name          Link     Load   Length
	CLASS	CODE     
		vectors          0        0        3
		text            7B       7B       14
		text             3        3       78
		text            8F       8F        3

	CLASS	DATA     
		rbss            20       20        8

	CLASS	XDATA    

	CLASS	BITSEG   



SEGMENTS	Name		Load	Length	 Top	Selector    Space Class

		vectors         000000	000092	000092	       0       0  CODE    
		rbit            000020	000008	000028	      20       1  BITSEG  


UNUSED ADDRESS RANGES

	CODE             092-1FFF

                                  Symbol Table

?a_imp         rbss    026  ?a_main        rbss    022
__Bbss         bss     028  __Bidata       idata   028
__Birdata      irdata  003  __Brbit        rbit    020
__Brdata       rdata   003  __Hbss         bss     028
__Hcode        code    028  __Hconst       const   100
__Hdata        data    100  __Hheap        heap    028
__Hidata       idata   028  __Hirdata      irdata  028
__Hnvram       nvram   028  __Hrbit        rbit    000
__Hrbss        rbss    028  __Hrdata       rdata   028
__Hstrings     strings 100  __Htext        text    028
__Hvectors     vectors 003  __Lbss         bss     028
__Lcode        code    028  __Lconst       const   100
__Ldata        data    100  __Lheap        heap    028
__Lidata       idata   028  __Lirdata      irdata  028
__Lnvram       nvram   028  __Lrbit        rbit    000
__Lrbss        rbss    020  __Lrdata       rdata   028
__Lstrings     strings 100  __Ltext        text    028
__Lvectors     vectors 000  __S0           (abs)   100
_exit          text    08C  _imp           text    003
_main          text    031  _tmpCnt        rbss    020
intlevel0      (abs)   000  intlevel1      (abs)   000
powerup        text    08F  small_model    (abs)   001
stack_internal (abs)   001  start          vectors 000
start1         text    07B  
