HI-TECH Software 8051-C Compiler V9.60

Linker command line:

--edf=C:\PROGRA~2\HI-TEC~1\HC51\9.60\dat\en_msgs.txt \
  -h+G:\Çולצמג\practica8\practic8\pr8\pr8\pr8.sym -z -Q8051AH -ol.obj \
  -MG:\Çולצמג\practica8\practic8\pr8\pr8\pr8.map -E1 -ver=8051-C#V9.60 \
  -ACODE=00h-0FFFh -pvectors=00h \
  -prbit=0/20h,rbss,rdata/CODE,irdata/CODE,idata/rbss -pbss=XDATA/idata \
  -pdata=CODE+100h -pconst=CODE+100h -pstrings=CODE+100h -pnvram=bss,heap \
  C:\Users\vanty\AppData\Local\Temp\s2c8.obj \
  G:\Çולצמג\practica8\practic8\pr8\pr8\main_0.obj \
  C:\PROGRA~2\HI-TEC~1\HC51\9.60\lib\51--nsc.lib 

Object code version is 3.8

Machine type is 8051AH

Call graph:

*start1 size 0,0 offset 0
*    _main size 0,0 offset 0
*_isr_ex0 size 0,0 offset 0

		Name          Link     Load   Length Selector Space Scale
C:\Users\vanty\AppData\Local\Temp\s2c8.obj
		vectors          0        0        3       0     0
		text            45       45       10       0     0
G:\Çולצמג\practica8\practic8\pr8\pr8\main_0.obj
		rbss            20       20        2      20     1
		text             3        3       42       0     0

C:\PROGRA~2\HI-TEC~1\HC51\9.60\lib\51--nsc.lib
powerup.obj     text            55       55        3       0     0

TOTAL		Name          Link     Load   Length
	CLASS	CODE     
		vectors          0        0        3
		text            45       45       10
		text             3        3       42
		text            55       55        3

	CLASS	DATA     
		rbss            20       20        2

	CLASS	XDATA    

	CLASS	BITSEG   



SEGMENTS	Name		Load	Length	 Top	Selector    Space Class

		vectors         000000	000058	000058	       0       0  CODE    
		rbit            000020	000002	000022	      20       1  BITSEG  


UNUSED ADDRESS RANGES

	CODE             058-FFF

                                  Symbol Table

__Bbss         bss     022  __Bidata       idata   022
__Birdata      irdata  003  __Brbit        rbit    020
__Brdata       rdata   003  __Hbss         bss     022
__Hcode        code    022  __Hconst       const   100
__Hdata        data    100  __Hheap        heap    022
__Hidata       idata   022  __Hirdata      irdata  022
__Hnvram       nvram   022  __Hrbit        rbit    000
__Hrbss        rbss    022  __Hrdata       rdata   022
__Hstrings     strings 100  __Htext        text    022
__Hvectors     vectors 003  __Lbss         bss     022
__Lcode        code    022  __Lconst       const   100
__Ldata        data    100  __Lheap        heap    022
__Lidata       idata   022  __Lirdata      irdata  022
__Lnvram       nvram   022  __Lrbit        rbit    000
__Lrbss        rbss    020  __Lrdata       rdata   022
__Lstrings     strings 100  __Ltext        text    022
__Lvectors     vectors 000  __S0           (abs)   100
_exit          text    052  _isr_ex0       text    003
_main          text    027  _sum           rbss    020
intlevel0      (abs)   000  intlevel1      (abs)   000
powerup        text    055  small_model    (abs)   001
stack_internal (abs)   001  start          vectors 000
start1         text    045  
